+------------------------------------------------------------------+
| patent    | cites | citedBy                                      |
+------------------------------------------------------------------+
| "3308054" | []    | ["3859202", "3859200", "3859204", "3859203"] |
+------------------------------------------------------------------+

+-------------------------------------------------------------------------------------------------+
| Plan      | Statement   | Version | Planner | Runtime   | Time | DbHits | Rows | Memory (Bytes) |
+-------------------------------------------------------------------------------------------------+
| "PROFILE" | "READ_ONLY" | "5"     | "COST"  | "SLOTTED" | 2    | 35     | 1    | 1208           |
+-------------------------------------------------------------------------------------------------+


Cypher 5

Planner COST

Runtime SLOTTED

Runtime version 5.26.30

+----------------------+----+-----------------------------------------------------------------------------------------------------+----------------+------+---------+----------------+------------------------+------------+
| Operator             | Id | Details                                                                                             | Estimated Rows | Rows | DB Hits | Memory (Bytes) | Page Cache Hits/Misses | Ordered by |
+----------------------+----+-----------------------------------------------------------------------------------------------------+----------------+------+---------+----------------+------------------------+------------+
| +ProduceResults      |  0 | patent, cites, citedBy                                                                              |              1 |    1 |       0 |              0 |                    0/0 |            |
| |                    +----+-----------------------------------------------------------------------------------------------------+----------------+------+---------+----------------+------------------------+            |
| +OrderedAggregation  |  1 | cache[p.id] AS patent, collect(DISTINCT cites.id) AS cites, collect(DISTINCT citedBy.id) AS citedBy |              1 |    1 |       8 |           1144 |                    0/0 | patent ASC |
| |                    +----+-----------------------------------------------------------------------------------------------------+----------------+------+---------+----------------+------------------------+------------+
| +OptionalExpand(All) |  2 | (p)-[anon_0:CITES]->(cites)                                                                         |              1 |    4 |      20 |                |                    0/0 |            |
| |                    +----+-----------------------------------------------------------------------------------------------------+----------------+------+---------+----------------+------------------------+            |
| +OptionalExpand(All) |  3 | (p)<-[anon_1:CITES]-(citedBy)                                                                       |              1 |    4 |       5 |                |                    0/0 |            |
| |                    +----+-----------------------------------------------------------------------------------------------------+----------------+------+---------+----------------+------------------------+            |
| +NodeUniqueIndexSeek |  4 | UNIQUE p:Patent(id) WHERE id = $autostring_0, cache[p.id]                                           |              1 |    1 |       2 |                |                    0/0 | p.id ASC   |
+----------------------+----+-----------------------------------------------------------------------------------------------------+----------------+------+---------+----------------+------------------------+------------+

Total database accesses: 35, total allocated memory: 1208

1 row
ready to start consuming query after 2 ms, results consumed after another 0 ms
+-----------------------------------------------------+
| pathNodes                                    | hops |
+-----------------------------------------------------+
| ["1884442", "3858800", "2881616", "3858801"] | 3    |
+-----------------------------------------------------+

+-------------------------------------------------------------------------------------------------+
| Plan      | Statement   | Version | Planner | Runtime   | Time | DbHits | Rows | Memory (Bytes) |
+-------------------------------------------------------------------------------------------------+
| "PROFILE" | "READ_ONLY" | "5"     | "COST"  | "SLOTTED" | 5    | 20     | 1    | 3040           |
+-------------------------------------------------------------------------------------------------+


Cypher 5

Planner COST

Runtime SLOTTED

Runtime version 5.26.30

+------------------------+----+--------------------------------------------------------------+----------------+------+---------+----------------+------------------------+
| Operator               | Id | Details                                                      | Estimated Rows | Rows | DB Hits | Memory (Bytes) | Page Cache Hits/Misses |
+------------------------+----+--------------------------------------------------------------+----------------+------+---------+----------------+------------------------+
| +ProduceResults        |  0 | pathNodes, hops                                              |              1 |    1 |       0 |              0 |                    0/0 |
| |                      +----+--------------------------------------------------------------+----------------+------+---------+----------------+------------------------+
| +Projection            |  1 | [n IN nodes(path) | n.id] AS pathNodes, length(path) AS hops |              1 |    1 |       4 |                |                    0/0 |
| |                      +----+--------------------------------------------------------------+----------------+------+---------+----------------+------------------------+
| +ShortestPath          |  2 | path = (a)-[anon_0:CITES*]-(b)                               |              1 |    1 |      12 |           2976 |                    0/0 |
| |                      +----+--------------------------------------------------------------+----------------+------+---------+----------------+------------------------+
| +CartesianProduct      |  3 |                                                              |              1 |    1 |       0 |                |                    0/0 |
| |\                     +----+--------------------------------------------------------------+----------------+------+---------+----------------+------------------------+
| | +NodeUniqueIndexSeek |  4 | UNIQUE b:Patent(id) WHERE id = $autostring_1                 |              1 |    1 |       2 |                |                    0/0 |
| |                      +----+--------------------------------------------------------------+----------------+------+---------+----------------+------------------------+
| +NodeUniqueIndexSeek   |  5 | UNIQUE a:Patent(id) WHERE id = $autostring_0                 |              1 |    1 |       2 |                |                    0/0 |
+------------------------+----+--------------------------------------------------------------+----------------+------+---------+----------------+------------------------+

Total database accesses: 20, total allocated memory: 3040

1 row
ready to start consuming query after 1 ms, results consumed after another 4 ms
